{"type": "task_created", "task": {"id": "A-task-0", "base_cost": 135.4816640572401, "base_time": 3.3097872194845364}, "time_iso": "2025-10-24T12:47:15"}
{"type": "announce", "task": {"id": "A-task-0", "base_cost": 135.4816640572401, "base_time": 3.3097872194845364}, "workers": ["w1@localhost", "w2@localhost", "w3@localhost", "w4@localhost", "w5@localhost"], "time_iso": "2025-10-24T12:47:15"}
{"type": "award", "task": {"id": "A-task-0", "base_cost": 135.4816640572401, "base_time": 3.3097872194845364}, "winner": "w4@localhost", "time_iso": "2025-10-24T12:47:15"}
{"type": "assignment_history_snapshot", "task_id": "A-task-0", "history": [{"task_id": "A-task-0", "worker_jid": "w4@localhost", "status": "assigned", "reason": "", "timestamp": 1761284835.6043057}, {"task_id": "A-task-0", "worker_jid": "w4@localhost", "status": "success", "reason": "", "timestamp": 1761284837.8152122}], "time_iso": "2025-10-24T12:47:17"}
{"type": "task_created", "task": {"id": "A-task-1", "base_cost": 81.6010951604413, "base_time": 3.8003527899111624}, "time_iso": "2025-10-24T12:47:17"}
{"type": "announce", "task": {"id": "A-task-1", "base_cost": 81.6010951604413, "base_time": 3.8003527899111624}, "workers": ["w1@localhost", "w2@localhost", "w3@localhost", "w4@localhost", "w5@localhost"], "time_iso": "2025-10-24T12:47:17"}
{"type": "award", "task": {"id": "A-task-1", "base_cost": 81.6010951604413, "base_time": 3.8003527899111624}, "winner": "w4@localhost", "time_iso": "2025-10-24T12:47:18"}
{"type": "assignment_history_snapshot", "task_id": "A-task-1", "history": [{"task_id": "A-task-1", "worker_jid": "w4@localhost", "status": "assigned", "reason": "", "timestamp": 1761284838.3574963}, {"task_id": "A-task-1", "worker_jid": "w4@localhost", "status": "success", "reason": "", "timestamp": 1761284840.898821}], "time_iso": "2025-10-24T12:47:20"}
{"type": "task_created", "task": {"id": "A-task-2", "base_cost": 126.72163303945577, "base_time": 7.430059318042513}, "time_iso": "2025-10-24T12:47:20"}
{"type": "announce", "task": {"id": "A-task-2", "base_cost": 126.72163303945577, "base_time": 7.430059318042513}, "workers": ["w1@localhost", "w2@localhost", "w3@localhost", "w4@localhost", "w5@localhost"], "time_iso": "2025-10-24T12:47:20"}
{"type": "award", "task": {"id": "A-task-2", "base_cost": 126.72163303945577, "base_time": 7.430059318042513}, "winner": "w4@localhost", "time_iso": "2025-10-24T12:47:20"}
{"type": "assignment_history_snapshot", "task_id": "A-task-2", "history": [{"task_id": "A-task-2", "worker_jid": "w4@localhost", "status": "assigned", "reason": "", "timestamp": 1761284840.658636}, {"task_id": "A-task-2", "worker_jid": "w4@localhost", "status": "success", "reason": "", "timestamp": 1761284845.620182}], "time_iso": "2025-10-24T12:47:25"}
{"type": "task_created", "task": {"id": "B-task-0", "base_cost": 135.4816640572401, "base_time": 3.3097872194845364}, "time_iso": "2025-10-24T12:49:41"}
{"type": "announce", "task": {"id": "B-task-0", "base_cost": 135.4816640572401, "base_time": 3.3097872194845364}, "workers": ["w1@localhost", "w2@localhost", "w3@localhost", "w4@localhost", "w5@localhost"], "time_iso": "2025-10-24T12:49:41"}
{"type": "award", "task": {"id": "B-task-0", "base_cost": 135.4816640572401, "base_time": 3.3097872194845364}, "winner": "w4@localhost", "time_iso": "2025-10-24T12:49:41"}
{"type": "assignment_history_snapshot", "task_id": "B-task-0", "history": [{"task_id": "B-task-0", "worker_jid": "w4@localhost", "status": "assigned", "reason": "", "timestamp": 1761284981.7961018}, {"task_id": "B-task-0", "worker_jid": "w4@localhost", "status": "success", "reason": "", "timestamp": 1761284984.0069036}], "time_iso": "2025-10-24T12:49:44"}
{"type": "task_created", "task": {"id": "B-task-1", "base_cost": 81.6010951604413, "base_time": 3.8003527899111624}, "time_iso": "2025-10-24T12:49:44"}
{"type": "announce", "task": {"id": "B-task-1", "base_cost": 81.6010951604413, "base_time": 3.8003527899111624}, "workers": ["w1@localhost", "w2@localhost", "w3@localhost", "w4@localhost", "w5@localhost"], "time_iso": "2025-10-24T12:49:44"}
{"type": "award", "task": {"id": "B-task-1", "base_cost": 81.6010951604413, "base_time": 3.8003527899111624}, "winner": "w4@localhost", "time_iso": "2025-10-24T12:49:44"}
{"type": "assignment_history_snapshot", "task_id": "B-task-1", "history": [{"task_id": "B-task-1", "worker_jid": "w4@localhost", "status": "assigned", "reason": "", "timestamp": 1761284984.5358183}, {"task_id": "B-task-1", "worker_jid": "w4@localhost", "status": "success", "reason": "", "timestamp": 1761284987.074551}], "time_iso": "2025-10-24T12:49:47"}
{"type": "task_created", "task": {"id": "B-task-2", "base_cost": 126.72163303945577, "base_time": 7.430059318042513}, "time_iso": "2025-10-24T12:49:47"}
{"type": "announce", "task": {"id": "B-task-2", "base_cost": 126.72163303945577, "base_time": 7.430059318042513}, "workers": ["w1@localhost", "w2@localhost", "w3@localhost", "w4@localhost", "w5@localhost"], "time_iso": "2025-10-24T12:49:47"}
{"type": "award", "task": {"id": "B-task-2", "base_cost": 126.72163303945577, "base_time": 7.430059318042513}, "winner": "w4@localhost", "time_iso": "2025-10-24T12:49:47"}
{"type": "assignment_history_snapshot", "task_id": "B-task-2", "history": [{"task_id": "B-task-2", "worker_jid": "w4@localhost", "status": "assigned", "reason": "", "timestamp": 1761284987.5956628}, {"task_id": "B-task-2", "worker_jid": "w4@localhost", "status": "success", "reason": "", "timestamp": 1761284992.5550213}], "time_iso": "2025-10-24T12:49:52"}
{"type": "task_created", "task": {"id": "B-task-3", "base_cost": 55.75329153025189, "base_time": 6.415350856866905}, "time_iso": "2025-10-24T12:49:52"}
{"type": "announce", "task": {"id": "B-task-3", "base_cost": 55.75329153025189, "base_time": 6.415350856866905}, "workers": ["w1@localhost", "w2@localhost", "w3@localhost", "w4@localhost", "w5@localhost"], "time_iso": "2025-10-24T12:49:52"}
{"type": "award", "task": {"id": "B-task-3", "base_cost": 55.75329153025189, "base_time": 6.415350856866905}, "winner": "w4@localhost", "time_iso": "2025-10-24T12:49:53"}
{"type": "assignment_history_snapshot", "task_id": "B-task-3", "history": [{"task_id": "B-task-3", "worker_jid": "w4@localhost", "status": "assigned", "reason": "", "timestamp": 1761284993.0405467}, {"task_id": "B-task-3", "worker_jid": "w4@localhost", "status": "success", "reason": "", "timestamp": 1761284997.3230162}], "time_iso": "2025-10-24T12:49:57"}
{"type": "task_created", "task": {"id": "B-task-4", "base_cost": 53.33203264356976, "base_time": 2.8271232460939832}, "time_iso": "2025-10-24T12:49:57"}
{"type": "announce", "task": {"id": "B-task-4", "base_cost": 53.33203264356976, "base_time": 2.8271232460939832}, "workers": ["w1@localhost", "w2@localhost", "w3@localhost", "w4@localhost", "w5@localhost"], "time_iso": "2025-10-24T12:49:57"}
{"type": "award", "task": {"id": "B-task-4", "base_cost": 53.33203264356976, "base_time": 2.8271232460939832}, "winner": "w4@localhost", "time_iso": "2025-10-24T12:49:57"}
{"type": "assignment_history_snapshot", "task_id": "B-task-4", "history": [{"task_id": "B-task-4", "worker_jid": "w4@localhost", "status": "assigned", "reason": "", "timestamp": 1761284997.8570397}, {"task_id": "B-task-4", "worker_jid": "w4@localhost", "status": "success", "reason": "", "timestamp": 1761284999.7447727}], "time_iso": "2025-10-24T12:49:59"}
{"type": "task_created", "task": {"id": "C-task-0", "base_cost": 135.4816640572401, "base_time": 3.3097872194845364}, "time_iso": "2025-10-24T12:50:03"}
{"type": "announce", "task": {"id": "C-task-0", "base_cost": 135.4816640572401, "base_time": 3.3097872194845364}, "workers": ["w1@localhost", "w2@localhost", "w3@localhost", "w4@localhost", "w5@localhost"], "time_iso": "2025-10-24T12:50:03"}
{"type": "award", "task": {"id": "C-task-0", "base_cost": 135.4816640572401, "base_time": 3.3097872194845364}, "winner": "w4@localhost", "time_iso": "2025-10-24T12:50:03"}
{"type": "assignment_history_snapshot", "task_id": "C-task-0", "history": [{"task_id": "C-task-0", "worker_jid": "w4@localhost", "status": "assigned", "reason": "", "timestamp": 1761285003.7172198}, {"task_id": "C-task-0", "worker_jid": "w4@localhost", "status": "success", "reason": "", "timestamp": 1761285005.927596}], "time_iso": "2025-10-24T12:50:05"}
{"type": "task_created", "task": {"id": "C-task-1", "base_cost": 81.6010951604413, "base_time": 3.8003527899111624}, "time_iso": "2025-10-24T12:50:05"}
{"type": "announce", "task": {"id": "C-task-1", "base_cost": 81.6010951604413, "base_time": 3.8003527899111624}, "workers": ["w1@localhost", "w2@localhost", "w3@localhost", "w4@localhost", "w5@localhost"], "time_iso": "2025-10-24T12:50:05"}
{"type": "award", "task": {"id": "C-task-1", "base_cost": 81.6010951604413, "base_time": 3.8003527899111624}, "winner": "w4@localhost", "time_iso": "2025-10-24T12:50:06"}
{"type": "assignment_history_snapshot", "task_id": "C-task-1", "history": [{"task_id": "C-task-1", "worker_jid": "w4@localhost", "status": "assigned", "reason": "", "timestamp": 1761285006.3336456}, {"task_id": "C-task-1", "worker_jid": "w4@localhost", "status": "success", "reason": "", "timestamp": 1761285008.3260484}], "time_iso": "2025-10-24T12:50:08"}
{"type": "task_created", "task": {"id": "C-task-2", "base_cost": 126.72163303945577, "base_time": 7.430059318042513}, "time_iso": "2025-10-24T12:50:08"}
{"type": "announce", "task": {"id": "C-task-2", "base_cost": 126.72163303945577, "base_time": 7.430059318042513}, "workers": ["w1@localhost", "w2@localhost", "w3@localhost", "w4@localhost", "w5@localhost"], "time_iso": "2025-10-24T12:50:08"}
{"type": "award", "task": {"id": "C-task-2", "base_cost": 126.72163303945577, "base_time": 7.430059318042513}, "winner": "w4@localhost", "time_iso": "2025-10-24T12:50:08"}
{"type": "assignment_history_snapshot", "task_id": "C-task-2", "history": [{"task_id": "C-task-2", "worker_jid": "w4@localhost", "status": "assigned", "reason": "", "timestamp": 1761285008.7527409}, {"task_id": "C-task-2", "worker_jid": "w4@localhost", "status": "success", "reason": "", "timestamp": 1761285013.7172024}], "time_iso": "2025-10-24T12:50:13"}
{"type": "task_created", "task": {"id": "C-task-3", "base_cost": 55.75329153025189, "base_time": 6.415350856866905}, "time_iso": "2025-10-24T12:50:13"}
{"type": "announce", "task": {"id": "C-task-3", "base_cost": 55.75329153025189, "base_time": 6.415350856866905}, "workers": ["w1@localhost", "w2@localhost", "w3@localhost", "w4@localhost", "w5@localhost"], "time_iso": "2025-10-24T12:50:13"}
{"type": "award", "task": {"id": "C-task-3", "base_cost": 55.75329153025189, "base_time": 6.415350856866905}, "winner": "w4@localhost", "time_iso": "2025-10-24T12:50:14"}
{"type": "assignment_history_snapshot", "task_id": "C-task-3", "history": [{"task_id": "C-task-3", "worker_jid": "w4@localhost", "status": "assigned", "reason": "", "timestamp": 1761285014.1711717}, {"task_id": "C-task-3", "worker_jid": "w4@localhost", "status": "fail", "reason": "simulated_failure", "timestamp": 1761285018.4575095}, {"task_id": "C-task-3", "worker_jid": "w2@localhost", "status": "reassigned", "reason": "", "timestamp": 1761285018.6951628}, {"task_id": "C-task-3", "worker_jid": "w2@localhost", "status": "fail", "reason": "simulated_failure", "timestamp": 1761285024.0484543}, {"task_id": "C-task-3", "worker_jid": "w1@localhost", "status": "reassigned", "reason": "", "timestamp": 1761285024.4827034}, {"task_id": "C-task-3", "worker_jid": "w1@localhost", "status": "success", "reason": "", "timestamp": 1761285030.905483}], "time_iso": "2025-10-24T12:50:30"}
{"type": "task_created", "task": {"id": "C-task-4", "base_cost": 53.33203264356976, "base_time": 2.8271232460939832}, "time_iso": "2025-10-24T12:50:30"}
{"type": "announce", "task": {"id": "C-task-4", "base_cost": 53.33203264356976, "base_time": 2.8271232460939832}, "workers": ["w1@localhost", "w2@localhost", "w3@localhost", "w4@localhost", "w5@localhost"], "time_iso": "2025-10-24T12:50:30"}
{"type": "award", "task": {"id": "C-task-4", "base_cost": 53.33203264356976, "base_time": 2.8271232460939832}, "winner": "w4@localhost", "time_iso": "2025-10-24T12:50:31"}
{"type": "assignment_history_snapshot", "task_id": "C-task-4", "history": [{"task_id": "C-task-4", "worker_jid": "w4@localhost", "status": "assigned", "reason": "", "timestamp": 1761285031.273686}, {"task_id": "C-task-4", "worker_jid": "w4@localhost", "status": "fail", "reason": "simulated_failure", "timestamp": 1761285033.1609013}, {"task_id": "C-task-4", "worker_jid": "w1@localhost", "status": "reassigned", "reason": "", "timestamp": 1761285033.5711362}, {"task_id": "C-task-4", "worker_jid": "w1@localhost", "status": "success", "reason": "", "timestamp": 1761285036.4023724}], "time_iso": "2025-10-24T12:50:36"}
{"type": "task_created", "task": {"id": "C-task-5", "base_cost": 164.3844586565036, "base_time": 4.150566045003857}, "time_iso": "2025-10-24T12:50:36"}
{"type": "announce", "task": {"id": "C-task-5", "base_cost": 164.3844586565036, "base_time": 4.150566045003857}, "workers": ["w1@localhost", "w2@localhost", "w3@localhost", "w4@localhost", "w5@localhost"], "time_iso": "2025-10-24T12:50:36"}
{"type": "award", "task": {"id": "C-task-5", "base_cost": 164.3844586565036, "base_time": 4.150566045003857}, "winner": "w1@localhost", "time_iso": "2025-10-24T12:50:36"}
{"type": "assignment_history_snapshot", "task_id": "C-task-5", "history": [{"task_id": "C-task-5", "worker_jid": "w1@localhost", "status": "assigned", "reason": "", "timestamp": 1761285036.8307533}, {"task_id": "C-task-5", "worker_jid": "w1@localhost", "status": "success", "reason": "", "timestamp": 1761285040.9875672}], "time_iso": "2025-10-24T12:50:40"}
{"type": "task_created", "task": {"id": "C-task-6", "base_cost": 166.48274229132943, "base_time": 2.0022090555164427}, "time_iso": "2025-10-24T12:50:41"}
{"type": "announce", "task": {"id": "C-task-6", "base_cost": 166.48274229132943, "base_time": 2.0022090555164427}, "workers": ["w1@localhost", "w2@localhost", "w3@localhost", "w4@localhost", "w5@localhost"], "time_iso": "2025-10-24T12:50:41"}
{"type": "award", "task": {"id": "C-task-6", "base_cost": 166.48274229132943, "base_time": 2.0022090555164427}, "winner": "w1@localhost", "time_iso": "2025-10-24T12:50:41"}
{"type": "assignment_history_snapshot", "task_id": "C-task-6", "history": [{"task_id": "C-task-6", "worker_jid": "w1@localhost", "status": "assigned", "reason": "", "timestamp": 1761285041.4788854}, {"task_id": "C-task-6", "worker_jid": "w1@localhost", "status": "success", "reason": "", "timestamp": 1761285043.4845548}], "time_iso": "2025-10-24T12:50:43"}
{"type": "task_created", "task": {"id": "C-task-7", "base_cost": 183.87991634552364, "base_time": 4.377732812057067}, "time_iso": "2025-10-24T12:50:43"}
{"type": "announce", "task": {"id": "C-task-7", "base_cost": 183.87991634552364, "base_time": 4.377732812057067}, "workers": ["w1@localhost", "w2@localhost", "w3@localhost", "w4@localhost", "w5@localhost"], "time_iso": "2025-10-24T12:50:43"}
{"type": "award", "task": {"id": "C-task-7", "base_cost": 183.87991634552364, "base_time": 4.377732812057067}, "winner": "w1@localhost", "time_iso": "2025-10-24T12:50:43"}
{"type": "assignment_history_snapshot", "task_id": "C-task-7", "history": [{"task_id": "C-task-7", "worker_jid": "w1@localhost", "status": "assigned", "reason": "", "timestamp": 1761285043.7988696}, {"task_id": "C-task-7", "worker_jid": "w1@localhost", "status": "success", "reason": "", "timestamp": 1761285048.1815722}], "time_iso": "2025-10-24T12:50:48"}
{"type": "task_created", "task": {"id": "C-task-8", "base_cost": 169.71485676982087, "base_time": 7.891129325112154}, "time_iso": "2025-10-24T12:50:48"}
{"type": "announce", "task": {"id": "C-task-8", "base_cost": 169.71485676982087, "base_time": 7.891129325112154}, "workers": ["w1@localhost", "w2@localhost", "w3@localhost", "w4@localhost", "w5@localhost"], "time_iso": "2025-10-24T12:50:48"}
{"type": "award", "task": {"id": "C-task-8", "base_cost": 169.71485676982087, "base_time": 7.891129325112154}, "winner": "w1@localhost", "time_iso": "2025-10-24T12:50:48"}
{"type": "assignment_history_snapshot", "task_id": "C-task-8", "history": [{"task_id": "C-task-8", "worker_jid": "w1@localhost", "status": "assigned", "reason": "", "timestamp": 1761285048.6873271}, {"task_id": "C-task-8", "worker_jid": "w1@localhost", "status": "success", "reason": "", "timestamp": 1761285056.5886075}], "time_iso": "2025-10-24T12:50:56"}
{"type": "task_created", "task": {"id": "C-task-9", "base_cost": 120.20468601205438, "base_time": 3.680656811185539}, "time_iso": "2025-10-24T12:50:56"}
{"type": "announce", "task": {"id": "C-task-9", "base_cost": 120.20468601205438, "base_time": 3.680656811185539}, "workers": ["w1@localhost", "w2@localhost", "w3@localhost", "w4@localhost", "w5@localhost"], "time_iso": "2025-10-24T12:50:56"}
{"type": "award", "task": {"id": "C-task-9", "base_cost": 120.20468601205438, "base_time": 3.680656811185539}, "winner": "w1@localhost", "time_iso": "2025-10-24T12:50:56"}
{"type": "assignment_history_snapshot", "task_id": "C-task-9", "history": [{"task_id": "C-task-9", "worker_jid": "w1@localhost", "status": "assigned", "reason": "", "timestamp": 1761285057.013162}, {"task_id": "C-task-9", "worker_jid": "w1@localhost", "status": "success", "reason": "", "timestamp": 1761285060.6996086}], "time_iso": "2025-10-24T12:51:00"}
{"type": "task_created", "task": {"id": "C-task-0", "base_cost": 135.4816640572401, "base_time": 3.3097872194845364}, "time_iso": "2025-10-24T12:54:42"}
{"type": "announce", "task": {"id": "C-task-0", "base_cost": 135.4816640572401, "base_time": 3.3097872194845364}, "workers": ["w1@localhost", "w2@localhost", "w3@localhost", "w4@localhost", "w5@localhost"], "time_iso": "2025-10-24T12:54:42"}
{"type": "award", "task": {"id": "C-task-0", "base_cost": 135.4816640572401, "base_time": 3.3097872194845364}, "winner": "w4@localhost", "time_iso": "2025-10-24T12:54:42"}
{"type": "assignment_history_snapshot", "task_id": "C-task-0", "history": [{"task_id": "C-task-0", "worker_jid": "w4@localhost", "status": "assigned", "reason": "", "timestamp": 1761285282.7117963}, {"task_id": "C-task-0", "worker_jid": "w4@localhost", "status": "success", "reason": "", "timestamp": 1761285284.9225988}], "time_iso": "2025-10-24T12:54:44"}
{"type": "task_created", "task": {"id": "C-task-1", "base_cost": 81.6010951604413, "base_time": 3.8003527899111624}, "time_iso": "2025-10-24T12:54:44"}
{"type": "announce", "task": {"id": "C-task-1", "base_cost": 81.6010951604413, "base_time": 3.8003527899111624}, "workers": ["w1@localhost", "w2@localhost", "w3@localhost", "w4@localhost", "w5@localhost"], "time_iso": "2025-10-24T12:54:44"}
{"type": "award", "task": {"id": "C-task-1", "base_cost": 81.6010951604413, "base_time": 3.8003527899111624}, "winner": "w4@localhost", "time_iso": "2025-10-24T12:54:45"}
{"type": "assignment_history_snapshot", "task_id": "C-task-1", "history": [{"task_id": "C-task-1", "worker_jid": "w4@localhost", "status": "assigned", "reason": "", "timestamp": 1761285285.3348758}, {"task_id": "C-task-1", "worker_jid": "w4@localhost", "status": "success", "reason": "", "timestamp": 1761285287.8734558}], "time_iso": "2025-10-24T12:54:47"}
{"type": "task_created", "task": {"id": "C-task-2", "base_cost": 126.72163303945577, "base_time": 7.430059318042513}, "time_iso": "2025-10-24T12:54:47"}
{"type": "announce", "task": {"id": "C-task-2", "base_cost": 126.72163303945577, "base_time": 7.430059318042513}, "workers": ["w1@localhost", "w2@localhost", "w3@localhost", "w4@localhost", "w5@localhost"], "time_iso": "2025-10-24T12:54:47"}
{"type": "award", "task": {"id": "C-task-2", "base_cost": 126.72163303945577, "base_time": 7.430059318042513}, "winner": "w4@localhost", "time_iso": "2025-10-24T12:54:48"}
{"type": "assignment_history_snapshot", "task_id": "C-task-2", "history": [{"task_id": "C-task-2", "worker_jid": "w4@localhost", "status": "assigned", "reason": "", "timestamp": 1761285288.3107471}, {"task_id": "C-task-2", "worker_jid": "w4@localhost", "status": "success", "reason": "", "timestamp": 1761285293.2713506}], "time_iso": "2025-10-24T12:54:53"}
{"type": "task_created", "task": {"id": "C-task-3", "base_cost": 55.75329153025189, "base_time": 6.415350856866905}, "time_iso": "2025-10-24T12:54:53"}
{"type": "announce", "task": {"id": "C-task-3", "base_cost": 55.75329153025189, "base_time": 6.415350856866905}, "workers": ["w1@localhost", "w2@localhost", "w3@localhost", "w4@localhost", "w5@localhost"], "time_iso": "2025-10-24T12:54:53"}
{"type": "award", "task": {"id": "C-task-3", "base_cost": 55.75329153025189, "base_time": 6.415350856866905}, "winner": "w4@localhost", "time_iso": "2025-10-24T12:54:53"}
{"type": "assignment_history_snapshot", "task_id": "C-task-3", "history": [{"task_id": "C-task-3", "worker_jid": "w4@localhost", "status": "assigned", "reason": "", "timestamp": 1761285293.7169771}, {"task_id": "C-task-3", "worker_jid": "w4@localhost", "status": "fail", "reason": "simulated_failure", "timestamp": 1761285298.0089066}, {"task_id": "C-task-3", "worker_jid": "w2@localhost", "status": "reassigned", "reason": "", "timestamp": 1761285298.2398086}, {"task_id": "C-task-3", "worker_jid": "w2@localhost", "status": "fail", "reason": "simulated_failure", "timestamp": 1761285303.6079483}, {"task_id": "C-task-3", "worker_jid": "w1@localhost", "status": "reassigned", "reason": "", "timestamp": 1761285304.0495908}, {"task_id": "C-task-3", "worker_jid": "w1@localhost", "status": "success", "reason": "", "timestamp": 1761285310.4727237}], "time_iso": "2025-10-24T12:55:10"}
{"type": "task_created", "task": {"id": "C-task-4", "base_cost": 53.33203264356976, "base_time": 2.8271232460939832}, "time_iso": "2025-10-24T12:55:10"}
{"type": "announce", "task": {"id": "C-task-4", "base_cost": 53.33203264356976, "base_time": 2.8271232460939832}, "workers": ["w1@localhost", "w2@localhost", "w3@localhost", "w4@localhost", "w5@localhost"], "time_iso": "2025-10-24T12:55:10"}
{"type": "award", "task": {"id": "C-task-4", "base_cost": 53.33203264356976, "base_time": 2.8271232460939832}, "winner": "w4@localhost", "time_iso": "2025-10-24T12:55:10"}
{"type": "assignment_history_snapshot", "task_id": "C-task-4", "history": [{"task_id": "C-task-4", "worker_jid": "w4@localhost", "status": "assigned", "reason": "", "timestamp": 1761285310.837858}, {"task_id": "C-task-4", "worker_jid": "w4@localhost", "status": "fail", "reason": "simulated_failure", "timestamp": 1761285312.7247531}, {"task_id": "C-task-4", "worker_jid": "w1@localhost", "status": "reassigned", "reason": "", "timestamp": 1761285313.1365438}, {"task_id": "C-task-4", "worker_jid": "w1@localhost", "status": "success", "reason": "", "timestamp": 1761285315.9687464}], "time_iso": "2025-10-24T12:55:15"}
{"type": "task_created", "task": {"id": "C-task-5", "base_cost": 164.3844586565036, "base_time": 4.150566045003857}, "time_iso": "2025-10-24T12:55:15"}
{"type": "announce", "task": {"id": "C-task-5", "base_cost": 164.3844586565036, "base_time": 4.150566045003857}, "workers": ["w1@localhost", "w2@localhost", "w3@localhost", "w4@localhost", "w5@localhost"], "time_iso": "2025-10-24T12:55:16"}
{"type": "award", "task": {"id": "C-task-5", "base_cost": 164.3844586565036, "base_time": 4.150566045003857}, "winner": "w1@localhost", "time_iso": "2025-10-24T12:55:16"}
{"type": "assignment_history_snapshot", "task_id": "C-task-5", "history": [{"task_id": "C-task-5", "worker_jid": "w1@localhost", "status": "assigned", "reason": "", "timestamp": 1761285316.4096458}, {"task_id": "C-task-5", "worker_jid": "w1@localhost", "status": "success", "reason": "", "timestamp": 1761285320.5639625}], "time_iso": "2025-10-24T12:55:20"}
{"type": "task_created", "task": {"id": "C-task-6", "base_cost": 166.48274229132943, "base_time": 2.0022090555164427}, "time_iso": "2025-10-24T12:55:20"}
{"type": "announce", "task": {"id": "C-task-6", "base_cost": 166.48274229132943, "base_time": 2.0022090555164427}, "workers": ["w1@localhost", "w2@localhost", "w3@localhost", "w4@localhost", "w5@localhost"], "time_iso": "2025-10-24T12:55:20"}
{"type": "award", "task": {"id": "C-task-6", "base_cost": 166.48274229132943, "base_time": 2.0022090555164427}, "winner": "w1@localhost", "time_iso": "2025-10-24T12:55:21"}
{"type": "assignment_history_snapshot", "task_id": "C-task-6", "history": [{"task_id": "C-task-6", "worker_jid": "w1@localhost", "status": "assigned", "reason": "", "timestamp": 1761285321.0405884}, {"task_id": "C-task-6", "worker_jid": "w1@localhost", "status": "success", "reason": "", "timestamp": 1761285323.04704}], "time_iso": "2025-10-24T12:55:23"}
{"type": "task_created", "task": {"id": "C-task-7", "base_cost": 183.87991634552364, "base_time": 4.377732812057067}, "time_iso": "2025-10-24T12:55:23"}
{"type": "announce", "task": {"id": "C-task-7", "base_cost": 183.87991634552364, "base_time": 4.377732812057067}, "workers": ["w1@localhost", "w2@localhost", "w3@localhost", "w4@localhost", "w5@localhost"], "time_iso": "2025-10-24T12:55:23"}
{"type": "award", "task": {"id": "C-task-7", "base_cost": 183.87991634552364, "base_time": 4.377732812057067}, "winner": "w1@localhost", "time_iso": "2025-10-24T12:55:23"}
{"type": "assignment_history_snapshot", "task_id": "C-task-7", "history": [{"task_id": "C-task-7", "worker_jid": "w1@localhost", "status": "assigned", "reason": "", "timestamp": 1761285323.3878171}, {"task_id": "C-task-7", "worker_jid": "w1@localhost", "status": "success", "reason": "", "timestamp": 1761285327.7676604}], "time_iso": "2025-10-24T12:55:27"}
{"type": "task_created", "task": {"id": "C-task-8", "base_cost": 169.71485676982087, "base_time": 7.891129325112154}, "time_iso": "2025-10-24T12:55:27"}
{"type": "announce", "task": {"id": "C-task-8", "base_cost": 169.71485676982087, "base_time": 7.891129325112154}, "workers": ["w1@localhost", "w2@localhost", "w3@localhost", "w4@localhost", "w5@localhost"], "time_iso": "2025-10-24T12:55:27"}
{"type": "award", "task": {"id": "C-task-8", "base_cost": 169.71485676982087, "base_time": 7.891129325112154}, "winner": "w1@localhost", "time_iso": "2025-10-24T12:55:28"}
{"type": "assignment_history_snapshot", "task_id": "C-task-8", "history": [{"task_id": "C-task-8", "worker_jid": "w1@localhost", "status": "assigned", "reason": "", "timestamp": 1761285328.2695594}, {"task_id": "C-task-8", "worker_jid": "w1@localhost", "status": "success", "reason": "", "timestamp": 1761285336.1699855}], "time_iso": "2025-10-24T12:55:36"}
{"type": "task_created", "task": {"id": "C-task-9", "base_cost": 120.20468601205438, "base_time": 3.680656811185539}, "time_iso": "2025-10-24T12:55:36"}
{"type": "announce", "task": {"id": "C-task-9", "base_cost": 120.20468601205438, "base_time": 3.680656811185539}, "workers": ["w1@localhost", "w2@localhost", "w3@localhost", "w4@localhost", "w5@localhost"], "time_iso": "2025-10-24T12:55:36"}
{"type": "award", "task": {"id": "C-task-9", "base_cost": 120.20468601205438, "base_time": 3.680656811185539}, "winner": "w1@localhost", "time_iso": "2025-10-24T12:55:36"}
{"type": "assignment_history_snapshot", "task_id": "C-task-9", "history": [{"task_id": "C-task-9", "worker_jid": "w1@localhost", "status": "assigned", "reason": "", "timestamp": 1761285336.5809982}, {"task_id": "C-task-9", "worker_jid": "w1@localhost", "status": "success", "reason": "", "timestamp": 1761285340.2659798}], "time_iso": "2025-10-24T12:55:40"}
{"type": "task_created", "task": {"id": "C-task-0", "base_cost": 135.4816640572401, "base_time": 3.3097872194845364}, "time_iso": "2025-10-24T12:56:16"}
{"type": "announce", "task": {"id": "C-task-0", "base_cost": 135.4816640572401, "base_time": 3.3097872194845364}, "workers": ["w1@localhost", "w2@localhost", "w3@localhost", "w4@localhost", "w5@localhost"], "time_iso": "2025-10-24T12:56:16"}
{"type": "award", "task": {"id": "C-task-0", "base_cost": 135.4816640572401, "base_time": 3.3097872194845364}, "winner": "w4@localhost", "time_iso": "2025-10-24T12:56:16"}
{"type": "assignment_history_snapshot", "task_id": "C-task-0", "history": [{"task_id": "C-task-0", "worker_jid": "w4@localhost", "status": "assigned", "reason": "", "timestamp": 1761285376.9899797}, {"task_id": "C-task-0", "worker_jid": "w4@localhost", "status": "success", "reason": "", "timestamp": 1761285379.199975}], "time_iso": "2025-10-24T12:56:19"}
{"type": "task_created", "task": {"id": "C-task-1", "base_cost": 81.6010951604413, "base_time": 3.8003527899111624}, "time_iso": "2025-10-24T12:56:19"}
{"type": "announce", "task": {"id": "C-task-1", "base_cost": 81.6010951604413, "base_time": 3.8003527899111624}, "workers": ["w1@localhost", "w2@localhost", "w3@localhost", "w4@localhost", "w5@localhost"], "time_iso": "2025-10-24T12:56:19"}
{"type": "award", "task": {"id": "C-task-1", "base_cost": 81.6010951604413, "base_time": 3.8003527899111624}, "winner": "w4@localhost", "time_iso": "2025-10-24T12:56:19"}
{"type": "assignment_history_snapshot", "task_id": "C-task-1", "history": [{"task_id": "C-task-1", "worker_jid": "w4@localhost", "status": "assigned", "reason": "", "timestamp": 1761285379.6224513}, {"task_id": "C-task-1", "worker_jid": "w4@localhost", "status": "success", "reason": "", "timestamp": 1761285382.1613824}], "time_iso": "2025-10-24T12:56:22"}
{"type": "task_created", "task": {"id": "C-task-2", "base_cost": 126.72163303945577, "base_time": 7.430059318042513}, "time_iso": "2025-10-24T12:56:22"}
{"type": "announce", "task": {"id": "C-task-2", "base_cost": 126.72163303945577, "base_time": 7.430059318042513}, "workers": ["w1@localhost", "w2@localhost", "w3@localhost", "w4@localhost", "w5@localhost"], "time_iso": "2025-10-24T12:56:22"}
{"type": "award", "task": {"id": "C-task-2", "base_cost": 126.72163303945577, "base_time": 7.430059318042513}, "winner": "w4@localhost", "time_iso": "2025-10-24T12:56:21"}
{"type": "task_created", "task": {"id": "C-task-0", "base_cost": 135.4816640572401, "base_time": 3.3097872194845364}, "time_iso": "2025-10-24T12:56:37"}
{"type": "announce", "task": {"id": "C-task-0", "base_cost": 135.4816640572401, "base_time": 3.3097872194845364}, "workers": ["w1@localhost", "w2@localhost", "w3@localhost", "w4@localhost", "w5@localhost"], "time_iso": "2025-10-24T12:56:37"}
{"type": "award", "task": {"id": "C-task-0", "base_cost": 135.4816640572401, "base_time": 3.3097872194845364}, "winner": "w4@localhost", "time_iso": "2025-10-24T12:56:37"}
{"type": "task_created", "task": {"id": "A-task-0", "base_cost": 135.4816640572401, "base_time": 3.3097872194845364}, "time_iso": "2025-10-24T12:56:44"}
{"type": "announce", "task": {"id": "A-task-0", "base_cost": 135.4816640572401, "base_time": 3.3097872194845364}, "workers": ["w1@localhost", "w2@localhost", "w3@localhost", "w4@localhost", "w5@localhost"], "time_iso": "2025-10-24T12:56:44"}
{"type": "award", "task": {"id": "A-task-0", "base_cost": 135.4816640572401, "base_time": 3.3097872194845364}, "winner": "w4@localhost", "time_iso": "2025-10-24T12:56:44"}
{"type": "assignment_history_snapshot", "task_id": "A-task-0", "history": [{"task_id": "A-task-0", "worker_jid": "w4@localhost", "status": "assigned", "reason": "", "timestamp": 1761285404.5563095}, {"task_id": "A-task-0", "worker_jid": "w4@localhost", "status": "success", "reason": "", "timestamp": 1761285406.8202662}], "time_iso": "2025-10-24T12:56:46"}
{"type": "task_created", "task": {"id": "A-task-1", "base_cost": 81.6010951604413, "base_time": 3.8003527899111624}, "time_iso": "2025-10-24T12:56:46"}
{"type": "announce", "task": {"id": "A-task-1", "base_cost": 81.6010951604413, "base_time": 3.8003527899111624}, "workers": ["w1@localhost", "w2@localhost", "w3@localhost", "w4@localhost", "w5@localhost"], "time_iso": "2025-10-24T12:56:46"}
{"type": "award", "task": {"id": "A-task-1", "base_cost": 81.6010951604413, "base_time": 3.8003527899111624}, "winner": "w4@localhost", "time_iso": "2025-10-24T12:56:47"}
{"type": "assignment_history_snapshot", "task_id": "A-task-1", "history": [{"task_id": "A-task-1", "worker_jid": "w4@localhost", "status": "assigned", "reason": "", "timestamp": 1761285407.3575332}, {"task_id": "A-task-1", "worker_jid": "w4@localhost", "status": "success", "reason": "", "timestamp": 1761285409.9094472}], "time_iso": "2025-10-24T12:56:49"}
{"type": "task_created", "task": {"id": "A-task-2", "base_cost": 126.72163303945577, "base_time": 7.430059318042513}, "time_iso": "2025-10-24T12:56:49"}
{"type": "announce", "task": {"id": "A-task-2", "base_cost": 126.72163303945577, "base_time": 7.430059318042513}, "workers": ["w1@localhost", "w2@localhost", "w3@localhost", "w4@localhost", "w5@localhost"], "time_iso": "2025-10-24T12:56:49"}
{"type": "award", "task": {"id": "A-task-2", "base_cost": 126.72163303945577, "base_time": 7.430059318042513}, "winner": "w4@localhost", "time_iso": "2025-10-24T12:56:50"}
{"type": "assignment_history_snapshot", "task_id": "A-task-2", "history": [{"task_id": "A-task-2", "worker_jid": "w4@localhost", "status": "assigned", "reason": "", "timestamp": 1761285410.3945756}, {"task_id": "A-task-2", "worker_jid": "w4@localhost", "status": "success", "reason": "", "timestamp": 1761285414.8170397}], "time_iso": "2025-10-24T12:56:54"}
{"type": "task_created", "task": {"id": "B-task-0", "base_cost": 135.4816640572401, "base_time": 3.3097872194845364}, "time_iso": "2025-10-24T12:57:18"}
{"type": "announce", "task": {"id": "B-task-0", "base_cost": 135.4816640572401, "base_time": 3.3097872194845364}, "workers": ["w1@localhost", "w2@localhost", "w3@localhost", "w4@localhost", "w5@localhost"], "time_iso": "2025-10-24T12:57:18"}
{"type": "award", "task": {"id": "B-task-0", "base_cost": 135.4816640572401, "base_time": 3.3097872194845364}, "winner": "w4@localhost", "time_iso": "2025-10-24T12:57:18"}
{"type": "assignment_history_snapshot", "task_id": "B-task-0", "history": [{"task_id": "B-task-0", "worker_jid": "w4@localhost", "status": "assigned", "reason": "", "timestamp": 1761285438.702689}, {"task_id": "B-task-0", "worker_jid": "w4@localhost", "status": "success", "reason": "", "timestamp": 1761285440.9141169}], "time_iso": "2025-10-24T12:57:20"}
{"type": "task_created", "task": {"id": "B-task-1", "base_cost": 81.6010951604413, "base_time": 3.8003527899111624}, "time_iso": "2025-10-24T12:57:20"}
{"type": "announce", "task": {"id": "B-task-1", "base_cost": 81.6010951604413, "base_time": 3.8003527899111624}, "workers": ["w1@localhost", "w2@localhost", "w3@localhost", "w4@localhost", "w5@localhost"], "time_iso": "2025-10-24T12:57:20"}
{"type": "award", "task": {"id": "B-task-1", "base_cost": 81.6010951604413, "base_time": 3.8003527899111624}, "winner": "w4@localhost", "time_iso": "2025-10-24T12:57:21"}
{"type": "assignment_history_snapshot", "task_id": "B-task-1", "history": [{"task_id": "B-task-1", "worker_jid": "w4@localhost", "status": "assigned", "reason": "", "timestamp": 1761285441.4413595}, {"task_id": "B-task-1", "worker_jid": "w4@localhost", "status": "success", "reason": "", "timestamp": 1761285443.9806163}], "time_iso": "2025-10-24T12:57:23"}
{"type": "task_created", "task": {"id": "B-task-2", "base_cost": 126.72163303945577, "base_time": 7.430059318042513}, "time_iso": "2025-10-24T12:57:23"}
{"type": "announce", "task": {"id": "B-task-2", "base_cost": 126.72163303945577, "base_time": 7.430059318042513}, "workers": ["w1@localhost", "w2@localhost", "w3@localhost", "w4@localhost", "w5@localhost"], "time_iso": "2025-10-24T12:57:23"}
{"type": "award", "task": {"id": "B-task-2", "base_cost": 126.72163303945577, "base_time": 7.430059318042513}, "winner": "w4@localhost", "time_iso": "2025-10-24T12:57:24"}
{"type": "assignment_history_snapshot", "task_id": "B-task-2", "history": [{"task_id": "B-task-2", "worker_jid": "w4@localhost", "status": "assigned", "reason": "", "timestamp": 1761285444.48833}, {"task_id": "B-task-2", "worker_jid": "w4@localhost", "status": "success", "reason": "", "timestamp": 1761285449.448783}], "time_iso": "2025-10-24T12:57:29"}
{"type": "task_created", "task": {"id": "B-task-3", "base_cost": 55.75329153025189, "base_time": 6.415350856866905}, "time_iso": "2025-10-24T12:57:29"}
{"type": "announce", "task": {"id": "B-task-3", "base_cost": 55.75329153025189, "base_time": 6.415350856866905}, "workers": ["w1@localhost", "w2@localhost", "w3@localhost", "w4@localhost", "w5@localhost"], "time_iso": "2025-10-24T12:57:29"}
{"type": "award", "task": {"id": "B-task-3", "base_cost": 55.75329153025189, "base_time": 6.415350856866905}, "winner": "w4@localhost", "time_iso": "2025-10-24T12:57:29"}
{"type": "assignment_history_snapshot", "task_id": "B-task-3", "history": [{"task_id": "B-task-3", "worker_jid": "w4@localhost", "status": "assigned", "reason": "", "timestamp": 1761285449.9349449}, {"task_id": "B-task-3", "worker_jid": "w4@localhost", "status": "success", "reason": "", "timestamp": 1761285454.217151}], "time_iso": "2025-10-24T12:57:34"}
{"type": "task_created", "task": {"id": "B-task-4", "base_cost": 53.33203264356976, "base_time": 2.8271232460939832}, "time_iso": "2025-10-24T12:57:34"}
{"type": "announce", "task": {"id": "B-task-4", "base_cost": 53.33203264356976, "base_time": 2.8271232460939832}, "workers": ["w1@localhost", "w2@localhost", "w3@localhost", "w4@localhost", "w5@localhost"], "time_iso": "2025-10-24T12:57:34"}
{"type": "award", "task": {"id": "B-task-4", "base_cost": 53.33203264356976, "base_time": 2.8271232460939832}, "winner": "w4@localhost", "time_iso": "2025-10-24T12:57:34"}
{"type": "assignment_history_snapshot", "task_id": "B-task-4", "history": [{"task_id": "B-task-4", "worker_jid": "w4@localhost", "status": "assigned", "reason": "", "timestamp": 1761285454.7480655}, {"task_id": "B-task-4", "worker_jid": "w4@localhost", "status": "success", "reason": "", "timestamp": 1761285456.636661}], "time_iso": "2025-10-24T12:57:36"}
{"type": "task_created", "task": {"id": "A-task-0", "base_cost": 135.4816640572401, "base_time": 3.3097872194845364}, "time_iso": "2025-10-30T17:19:37"}
{"type": "announce", "task": {"id": "A-task-0", "base_cost": 135.4816640572401, "base_time": 3.3097872194845364}, "workers": ["w2@localhost", "w3@localhost", "w1@localhost"], "time_iso": "2025-10-30T17:19:37"}
{"type": "award", "task": {"id": "A-task-0", "base_cost": 135.4816640572401, "base_time": 3.3097872194845364}, "winner": "w3@localhost", "time_iso": "2025-10-30T17:19:37"}
{"type": "assignment_history_snapshot", "task_id": "A-task-0", "history": [{"task_id": "A-task-0", "worker_jid": "w3@localhost", "status": "assigned", "reason": "", "timestamp": 1761819577.950024}, {"task_id": "A-task-0", "worker_jid": "w3@localhost", "status": "success", "reason": "", "timestamp": 1761819580.712505}], "time_iso": "2025-10-30T17:19:40"}
{"type": "task_created", "task": {"id": "A-task-1", "base_cost": 81.6010951604413, "base_time": 3.8003527899111624}, "time_iso": "2025-10-30T17:19:40"}
{"type": "announce", "task": {"id": "A-task-1", "base_cost": 81.6010951604413, "base_time": 3.8003527899111624}, "workers": ["w1@localhost", "w3@localhost", "w2@localhost"], "time_iso": "2025-10-30T17:19:40"}
{"type": "award", "task": {"id": "A-task-1", "base_cost": 81.6010951604413, "base_time": 3.8003527899111624}, "winner": "w3@localhost", "time_iso": "2025-10-30T17:19:41"}
{"type": "assignment_history_snapshot", "task_id": "A-task-1", "history": [{"task_id": "A-task-1", "worker_jid": "w3@localhost", "status": "assigned", "reason": "", "timestamp": 1761819581.0947716}, {"task_id": "A-task-1", "worker_jid": "w3@localhost", "status": "success", "reason": "", "timestamp": 1761819584.2656844}], "time_iso": "2025-10-30T17:19:44"}
{"type": "task_created", "task": {"id": "A-task-2", "base_cost": 126.72163303945577, "base_time": 7.430059318042513}, "time_iso": "2025-10-30T17:19:44"}
{"type": "announce", "task": {"id": "A-task-2", "base_cost": 126.72163303945577, "base_time": 7.430059318042513}, "workers": ["w1@localhost", "w3@localhost", "w2@localhost"], "time_iso": "2025-10-30T17:19:44"}
{"type": "award", "task": {"id": "A-task-2", "base_cost": 126.72163303945577, "base_time": 7.430059318042513}, "winner": "w3@localhost", "time_iso": "2025-10-30T17:19:44"}
{"type": "assignment_history_snapshot", "task_id": "A-task-2", "history": [{"task_id": "A-task-2", "worker_jid": "w3@localhost", "status": "assigned", "reason": "", "timestamp": 1761819584.4947767}, {"task_id": "A-task-2", "worker_jid": "w3@localhost", "status": "success", "reason": "", "timestamp": 1761819590.6939366}], "time_iso": "2025-10-30T17:19:50"}
{"type": "task_created", "task": {"id": "B-task-0", "base_cost": 135.4816640572401, "base_time": 3.3097872194845364}, "time_iso": "2025-10-30T17:20:11"}
{"type": "announce", "task": {"id": "B-task-0", "base_cost": 135.4816640572401, "base_time": 3.3097872194845364}, "workers": ["w3@localhost", "w4@localhost", "w2@localhost", "w1@localhost"], "time_iso": "2025-10-30T17:20:11"}
{"type": "award", "task": {"id": "B-task-0", "base_cost": 135.4816640572401, "base_time": 3.3097872194845364}, "winner": "w3@localhost", "time_iso": "2025-10-30T17:20:11"}
{"type": "assignment_history_snapshot", "task_id": "B-task-0", "history": [{"task_id": "B-task-0", "worker_jid": "w3@localhost", "status": "assigned", "reason": "", "timestamp": 1761819611.7849078}, {"task_id": "B-task-0", "worker_jid": "w3@localhost", "status": "success", "reason": "", "timestamp": 1761819614.5593307}], "time_iso": "2025-10-30T17:20:14"}
{"type": "task_created", "task": {"id": "B-task-1", "base_cost": 81.6010951604413, "base_time": 3.8003527899111624}, "time_iso": "2025-10-30T17:20:14"}
{"type": "announce", "task": {"id": "B-task-1", "base_cost": 81.6010951604413, "base_time": 3.8003527899111624}, "workers": ["w3@localhost", "w4@localhost", "w1@localhost", "w2@localhost"], "time_iso": "2025-10-30T17:20:14"}
{"type": "award", "task": {"id": "B-task-1", "base_cost": 81.6010951604413, "base_time": 3.8003527899111624}, "winner": "w3@localhost", "time_iso": "2025-10-30T17:20:14"}
{"type": "assignment_history_snapshot", "task_id": "B-task-1", "history": [{"task_id": "B-task-1", "worker_jid": "w3@localhost", "status": "assigned", "reason": "", "timestamp": 1761819614.9129062}, {"task_id": "B-task-1", "worker_jid": "w3@localhost", "status": "success", "reason": "", "timestamp": 1761819618.0826092}], "time_iso": "2025-10-30T17:20:18"}
{"type": "task_created", "task": {"id": "B-task-2", "base_cost": 126.72163303945577, "base_time": 7.430059318042513}, "time_iso": "2025-10-30T17:20:18"}
{"type": "announce", "task": {"id": "B-task-2", "base_cost": 126.72163303945577, "base_time": 7.430059318042513}, "workers": ["w2@localhost", "w4@localhost", "w1@localhost", "w3@localhost"], "time_iso": "2025-10-30T17:20:18"}
{"type": "award", "task": {"id": "B-task-2", "base_cost": 126.72163303945577, "base_time": 7.430059318042513}, "winner": "w3@localhost", "time_iso": "2025-10-30T17:20:18"}
{"type": "assignment_history_snapshot", "task_id": "B-task-2", "history": [{"task_id": "B-task-2", "worker_jid": "w3@localhost", "status": "assigned", "reason": "", "timestamp": 1761819618.5868897}, {"task_id": "B-task-2", "worker_jid": "w3@localhost", "status": "success", "reason": "", "timestamp": 1761819624.7853377}], "time_iso": "2025-10-30T17:20:24"}
{"type": "task_created", "task": {"id": "B-task-3", "base_cost": 55.75329153025189, "base_time": 6.415350856866905}, "time_iso": "2025-10-30T17:20:24"}
{"type": "announce", "task": {"id": "B-task-3", "base_cost": 55.75329153025189, "base_time": 6.415350856866905}, "workers": ["w4@localhost", "w2@localhost", "w3@localhost", "w1@localhost"], "time_iso": "2025-10-30T17:20:24"}
{"type": "award", "task": {"id": "B-task-3", "base_cost": 55.75329153025189, "base_time": 6.415350856866905}, "winner": "w3@localhost", "time_iso": "2025-10-30T17:20:25"}
{"type": "assignment_history_snapshot", "task_id": "B-task-3", "history": [{"task_id": "B-task-3", "worker_jid": "w3@localhost", "status": "assigned", "reason": "", "timestamp": 1761819625.269011}, {"task_id": "B-task-3", "worker_jid": "w3@localhost", "status": "fail", "reason": "simulated_failure", "timestamp": 1761819630.6248796}, {"task_id": "B-task-3", "worker_jid": "w1@localhost", "status": "reassigned", "reason": "", "timestamp": 1761819630.88337}, {"task_id": "B-task-3", "worker_jid": "w1@localhost", "status": "fail", "reason": "simulated_failure", "timestamp": 1761819637.3063927}, {"task_id": "B-task-3", "worker_jid": "w2@localhost", "status": "reassigned", "reason": "", "timestamp": 1761819637.5354512}, {"task_id": "B-task-3", "worker_jid": "w2@localhost", "status": "success", "reason": "", "timestamp": 1761819644.6766973}], "time_iso": "2025-10-30T17:20:44"}
{"type": "task_created", "task": {"id": "B-task-4", "base_cost": 53.33203264356976, "base_time": 2.8271232460939832}, "time_iso": "2025-10-30T17:20:44"}
{"type": "announce", "task": {"id": "B-task-4", "base_cost": 53.33203264356976, "base_time": 2.8271232460939832}, "workers": ["w3@localhost", "w1@localhost", "w4@localhost", "w2@localhost"], "time_iso": "2025-10-30T17:20:44"}
{"type": "award", "task": {"id": "B-task-4", "base_cost": 53.33203264356976, "base_time": 2.8271232460939832}, "winner": "w3@localhost", "time_iso": "2025-10-30T17:20:44"}
{"type": "assignment_history_snapshot", "task_id": "B-task-4", "history": [{"task_id": "B-task-4", "worker_jid": "w3@localhost", "status": "assigned", "reason": "", "timestamp": 1761819644.9454126}, {"task_id": "B-task-4", "worker_jid": "w3@localhost", "status": "success", "reason": "", "timestamp": 1761819647.304234}], "time_iso": "2025-10-30T17:20:47"}
{"type": "task_created", "task": {"id": "C-task-0", "base_cost": 135.4816640572401, "base_time": 3.3097872194845364}, "time_iso": "2025-10-30T17:20:55"}
{"type": "announce", "task": {"id": "C-task-0", "base_cost": 135.4816640572401, "base_time": 3.3097872194845364}, "workers": ["w5@localhost", "w4@localhost", "w1@localhost", "w2@localhost", "w3@localhost"], "time_iso": "2025-10-30T17:20:55"}
{"type": "award", "task": {"id": "C-task-0", "base_cost": 135.4816640572401, "base_time": 3.3097872194845364}, "winner": "w3@localhost", "time_iso": "2025-10-30T17:20:56"}
{"type": "assignment_history_snapshot", "task_id": "C-task-0", "history": [{"task_id": "C-task-0", "worker_jid": "w3@localhost", "status": "assigned", "reason": "", "timestamp": 1761819656.3167536}, {"task_id": "C-task-0", "worker_jid": "w3@localhost", "status": "success", "reason": "", "timestamp": 1761819659.0790265}], "time_iso": "2025-10-30T17:20:59"}
{"type": "task_created", "task": {"id": "C-task-1", "base_cost": 81.6010951604413, "base_time": 3.8003527899111624}, "time_iso": "2025-10-30T17:20:59"}
{"type": "announce", "task": {"id": "C-task-1", "base_cost": 81.6010951604413, "base_time": 3.8003527899111624}, "workers": ["w1@localhost", "w3@localhost", "w4@localhost", "w5@localhost", "w2@localhost"], "time_iso": "2025-10-30T17:20:59"}
{"type": "award", "task": {"id": "C-task-1", "base_cost": 81.6010951604413, "base_time": 3.8003527899111624}, "winner": "w3@localhost", "time_iso": "2025-10-30T17:20:59"}
{"type": "assignment_history_snapshot", "task_id": "C-task-1", "history": [{"task_id": "C-task-1", "worker_jid": "w3@localhost", "status": "assigned", "reason": "", "timestamp": 1761819659.5084}, {"task_id": "C-task-1", "worker_jid": "w3@localhost", "status": "success", "reason": "", "timestamp": 1761819662.6804612}], "time_iso": "2025-10-30T17:21:02"}
{"type": "task_created", "task": {"id": "C-task-2", "base_cost": 126.72163303945577, "base_time": 7.430059318042513}, "time_iso": "2025-10-30T17:21:02"}
{"type": "announce", "task": {"id": "C-task-2", "base_cost": 126.72163303945577, "base_time": 7.430059318042513}, "workers": ["w5@localhost", "w4@localhost", "w2@localhost", "w3@localhost", "w1@localhost"], "time_iso": "2025-10-30T17:21:02"}
{"type": "award", "task": {"id": "C-task-2", "base_cost": 126.72163303945577, "base_time": 7.430059318042513}, "winner": "w3@localhost", "time_iso": "2025-10-30T17:21:03"}
{"type": "assignment_history_snapshot", "task_id": "C-task-2", "history": [{"task_id": "C-task-2", "worker_jid": "w3@localhost", "status": "assigned", "reason": "", "timestamp": 1761819663.2290423}, {"task_id": "C-task-2", "worker_jid": "w3@localhost", "status": "success", "reason": "", "timestamp": 1761819669.4276347}], "time_iso": "2025-10-30T17:21:09"}
{"type": "task_created", "task": {"id": "C-task-3", "base_cost": 55.75329153025189, "base_time": 6.415350856866905}, "time_iso": "2025-10-30T17:21:09"}
{"type": "announce", "task": {"id": "C-task-3", "base_cost": 55.75329153025189, "base_time": 6.415350856866905}, "workers": ["w4@localhost", "w3@localhost", "w5@localhost", "w2@localhost", "w1@localhost"], "time_iso": "2025-10-30T17:21:09"}
{"type": "award", "task": {"id": "C-task-3", "base_cost": 55.75329153025189, "base_time": 6.415350856866905}, "winner": "w3@localhost", "time_iso": "2025-10-30T17:21:09"}
{"type": "assignment_history_snapshot", "task_id": "C-task-3", "history": [{"task_id": "C-task-3", "worker_jid": "w3@localhost", "status": "assigned", "reason": "", "timestamp": 1761819669.759665}, {"task_id": "C-task-3", "worker_jid": "w3@localhost", "status": "success", "reason": "", "timestamp": 1761819675.1125035}], "time_iso": "2025-10-30T17:21:15"}
{"type": "task_created", "task": {"id": "C-task-4", "base_cost": 53.33203264356976, "base_time": 2.8271232460939832}, "time_iso": "2025-10-30T17:21:15"}
{"type": "announce", "task": {"id": "C-task-4", "base_cost": 53.33203264356976, "base_time": 2.8271232460939832}, "workers": ["w1@localhost", "w4@localhost", "w5@localhost", "w2@localhost", "w3@localhost"], "time_iso": "2025-10-30T17:21:15"}
{"type": "award", "task": {"id": "C-task-4", "base_cost": 53.33203264356976, "base_time": 2.8271232460939832}, "winner": "w3@localhost", "time_iso": "2025-10-30T17:21:15"}
{"type": "assignment_history_snapshot", "task_id": "C-task-4", "history": [{"task_id": "C-task-4", "worker_jid": "w3@localhost", "status": "assigned", "reason": "", "timestamp": 1761819675.642763}, {"task_id": "C-task-4", "worker_jid": "w3@localhost", "status": "success", "reason": "", "timestamp": 1761819678.0019188}], "time_iso": "2025-10-30T17:21:18"}
{"type": "task_created", "task": {"id": "C-task-5", "base_cost": 164.3844586565036, "base_time": 4.150566045003857}, "time_iso": "2025-10-30T17:21:18"}
{"type": "announce", "task": {"id": "C-task-5", "base_cost": 164.3844586565036, "base_time": 4.150566045003857}, "workers": ["w3@localhost", "w4@localhost", "w1@localhost", "w2@localhost", "w5@localhost"], "time_iso": "2025-10-30T17:21:18"}
{"type": "award", "task": {"id": "C-task-5", "base_cost": 164.3844586565036, "base_time": 4.150566045003857}, "winner": "w3@localhost", "time_iso": "2025-10-30T17:21:18"}
{"type": "assignment_history_snapshot", "task_id": "C-task-5", "history": [{"task_id": "C-task-5", "worker_jid": "w3@localhost", "status": "assigned", "reason": "", "timestamp": 1761819678.5362139}, {"task_id": "C-task-5", "worker_jid": "w3@localhost", "status": "success", "reason": "", "timestamp": 1761819681.9991822}], "time_iso": "2025-10-30T17:21:21"}
{"type": "task_created", "task": {"id": "C-task-6", "base_cost": 166.48274229132943, "base_time": 2.0022090555164427}, "time_iso": "2025-10-30T17:21:21"}
{"type": "announce", "task": {"id": "C-task-6", "base_cost": 166.48274229132943, "base_time": 2.0022090555164427}, "workers": ["w2@localhost", "w4@localhost", "w1@localhost", "w5@localhost", "w3@localhost"], "time_iso": "2025-10-30T17:21:22"}
{"type": "award", "task": {"id": "C-task-6", "base_cost": 166.48274229132943, "base_time": 2.0022090555164427}, "winner": "w3@localhost", "time_iso": "2025-10-30T17:21:22"}
{"type": "assignment_history_snapshot", "task_id": "C-task-6", "history": [{"task_id": "C-task-6", "worker_jid": "w3@localhost", "status": "assigned", "reason": "", "timestamp": 1761819682.5143037}, {"task_id": "C-task-6", "worker_jid": "w3@localhost", "status": "success", "reason": "", "timestamp": 1761819684.1850133}], "time_iso": "2025-10-30T17:21:24"}
{"type": "task_created", "task": {"id": "C-task-7", "base_cost": 183.87991634552364, "base_time": 4.377732812057067}, "time_iso": "2025-10-30T17:21:24"}
{"type": "announce", "task": {"id": "C-task-7", "base_cost": 183.87991634552364, "base_time": 4.377732812057067}, "workers": ["w4@localhost", "w3@localhost", "w5@localhost", "w2@localhost", "w1@localhost"], "time_iso": "2025-10-30T17:21:24"}
{"type": "award", "task": {"id": "C-task-7", "base_cost": 183.87991634552364, "base_time": 4.377732812057067}, "winner": "w3@localhost", "time_iso": "2025-10-30T17:21:24"}
{"type": "assignment_history_snapshot", "task_id": "C-task-7", "history": [{"task_id": "C-task-7", "worker_jid": "w3@localhost", "status": "assigned", "reason": "", "timestamp": 1761819684.5273027}, {"task_id": "C-task-7", "worker_jid": "w3@localhost", "status": "success", "reason": "", "timestamp": 1761819688.178614}], "time_iso": "2025-10-30T17:21:28"}
{"type": "task_created", "task": {"id": "C-task-8", "base_cost": 169.71485676982087, "base_time": 7.891129325112154}, "time_iso": "2025-10-30T17:21:28"}
{"type": "announce", "task": {"id": "C-task-8", "base_cost": 169.71485676982087, "base_time": 7.891129325112154}, "workers": ["w1@localhost", "w3@localhost", "w5@localhost", "w2@localhost", "w4@localhost"], "time_iso": "2025-10-30T17:21:28"}
{"type": "award", "task": {"id": "C-task-8", "base_cost": 169.71485676982087, "base_time": 7.891129325112154}, "winner": "w3@localhost", "time_iso": "2025-10-30T17:21:28"}
{"type": "assignment_history_snapshot", "task_id": "C-task-8", "history": [{"task_id": "C-task-8", "worker_jid": "w3@localhost", "status": "assigned", "reason": "", "timestamp": 1761819688.5922065}, {"task_id": "C-task-8", "worker_jid": "w3@localhost", "status": "success", "reason": "", "timestamp": 1761819695.1748807}], "time_iso": "2025-10-30T17:21:35"}
{"type": "task_created", "task": {"id": "C-task-9", "base_cost": 120.20468601205438, "base_time": 3.680656811185539}, "time_iso": "2025-10-30T17:21:35"}
{"type": "announce", "task": {"id": "C-task-9", "base_cost": 120.20468601205438, "base_time": 3.680656811185539}, "workers": ["w1@localhost", "w3@localhost", "w2@localhost", "w5@localhost", "w4@localhost"], "time_iso": "2025-10-30T17:21:35"}
{"type": "award", "task": {"id": "C-task-9", "base_cost": 120.20468601205438, "base_time": 3.680656811185539}, "winner": "w3@localhost", "time_iso": "2025-10-30T17:21:35"}
{"type": "assignment_history_snapshot", "task_id": "C-task-9", "history": [{"task_id": "C-task-9", "worker_jid": "w3@localhost", "status": "assigned", "reason": "", "timestamp": 1761819695.655531}, {"task_id": "C-task-9", "worker_jid": "w3@localhost", "status": "fail", "reason": "simulated_failure", "timestamp": 1761819698.725854}, {"task_id": "C-task-9", "worker_jid": "w5@localhost", "status": "reassigned", "reason": "", "timestamp": 1761819699.0668616}, {"task_id": "C-task-9", "worker_jid": "w5@localhost", "status": "success", "reason": "", "timestamp": 1761819702.4166985}], "time_iso": "2025-10-30T17:21:42"}
{"type": "task_created", "task": {"id": "C-task-0", "base_cost": 135.4816640572401, "base_time": 3.3097872194845364}, "time_iso": "2025-10-30T17:30:35"}
{"type": "announce", "task": {"id": "C-task-0", "base_cost": 135.4816640572401, "base_time": 3.3097872194845364}, "workers": ["w5@localhost", "w4@localhost", "w1@localhost", "w2@localhost", "w3@localhost"], "time_iso": "2025-10-30T17:30:35"}
{"type": "award", "task": {"id": "C-task-0", "base_cost": 135.4816640572401, "base_time": 3.3097872194845364}, "winner": "w3@localhost", "time_iso": "2025-10-30T17:30:36"}
{"type": "assignment_history_snapshot", "task_id": "C-task-0", "history": [{"task_id": "C-task-0", "worker_jid": "w3@localhost", "status": "assigned", "reason": "", "timestamp": 1761820236.2560742}, {"task_id": "C-task-0", "worker_jid": "w3@localhost", "status": "success", "reason": "", "timestamp": 1761820239.02146}], "time_iso": "2025-10-30T17:30:39"}
{"type": "task_created", "task": {"id": "C-task-1", "base_cost": 81.6010951604413, "base_time": 3.8003527899111624}, "time_iso": "2025-10-30T17:30:39"}
{"type": "announce", "task": {"id": "C-task-1", "base_cost": 81.6010951604413, "base_time": 3.8003527899111624}, "workers": ["w1@localhost", "w3@localhost", "w4@localhost", "w5@localhost", "w2@localhost"], "time_iso": "2025-10-30T17:30:39"}
{"type": "award", "task": {"id": "C-task-1", "base_cost": 81.6010951604413, "base_time": 3.8003527899111624}, "winner": "w3@localhost", "time_iso": "2025-10-30T17:30:39"}
{"type": "assignment_history_snapshot", "task_id": "C-task-1", "history": [{"task_id": "C-task-1", "worker_jid": "w3@localhost", "status": "assigned", "reason": "", "timestamp": 1761820239.488369}, {"task_id": "C-task-1", "worker_jid": "w3@localhost", "status": "success", "reason": "", "timestamp": 1761820242.6619406}], "time_iso": "2025-10-30T17:30:42"}
{"type": "task_created", "task": {"id": "C-task-2", "base_cost": 126.72163303945577, "base_time": 7.430059318042513}, "time_iso": "2025-10-30T17:30:42"}
{"type": "announce", "task": {"id": "C-task-2", "base_cost": 126.72163303945577, "base_time": 7.430059318042513}, "workers": ["w5@localhost", "w4@localhost", "w2@localhost", "w3@localhost", "w1@localhost"], "time_iso": "2025-10-30T17:30:42"}
{"type": "award", "task": {"id": "C-task-2", "base_cost": 126.72163303945577, "base_time": 7.430059318042513}, "winner": "w3@localhost", "time_iso": "2025-10-30T17:30:43"}
{"type": "assignment_history_snapshot", "task_id": "C-task-2", "history": [{"task_id": "C-task-2", "worker_jid": "w3@localhost", "status": "assigned", "reason": "", "timestamp": 1761820243.226864}, {"task_id": "C-task-2", "worker_jid": "w3@localhost", "status": "success", "reason": "", "timestamp": 1761820249.429771}], "time_iso": "2025-10-30T17:30:49"}
{"type": "task_created", "task": {"id": "C-task-3", "base_cost": 55.75329153025189, "base_time": 6.415350856866905}, "time_iso": "2025-10-30T17:30:49"}
{"type": "announce", "task": {"id": "C-task-3", "base_cost": 55.75329153025189, "base_time": 6.415350856866905}, "workers": ["w4@localhost", "w3@localhost", "w5@localhost", "w2@localhost", "w1@localhost"], "time_iso": "2025-10-30T17:30:49"}
{"type": "award", "task": {"id": "C-task-3", "base_cost": 55.75329153025189, "base_time": 6.415350856866905}, "winner": "w3@localhost", "time_iso": "2025-10-30T17:30:49"}
{"type": "assignment_history_snapshot", "task_id": "C-task-3", "history": [{"task_id": "C-task-3", "worker_jid": "w3@localhost", "status": "assigned", "reason": "", "timestamp": 1761820249.770403}, {"task_id": "C-task-3", "worker_jid": "w3@localhost", "status": "success", "reason": "", "timestamp": 1761820255.1229148}], "time_iso": "2025-10-30T17:30:55"}
{"type": "task_created", "task": {"id": "C-task-4", "base_cost": 53.33203264356976, "base_time": 2.8271232460939832}, "time_iso": "2025-10-30T17:30:55"}
{"type": "announce", "task": {"id": "C-task-4", "base_cost": 53.33203264356976, "base_time": 2.8271232460939832}, "workers": ["w1@localhost", "w4@localhost", "w5@localhost", "w2@localhost", "w3@localhost"], "time_iso": "2025-10-30T17:30:55"}
{"type": "award", "task": {"id": "C-task-4", "base_cost": 53.33203264356976, "base_time": 2.8271232460939832}, "winner": "w3@localhost", "time_iso": "2025-10-30T17:30:55"}
{"type": "assignment_history_snapshot", "task_id": "C-task-4", "history": [{"task_id": "C-task-4", "worker_jid": "w3@localhost", "status": "assigned", "reason": "", "timestamp": 1761820255.6907816}, {"task_id": "C-task-4", "worker_jid": "w3@localhost", "status": "success", "reason": "", "timestamp": 1761820258.051667}], "time_iso": "2025-10-30T17:30:58"}
{"type": "task_created", "task": {"id": "C-task-5", "base_cost": 164.3844586565036, "base_time": 4.150566045003857}, "time_iso": "2025-10-30T17:30:58"}
{"type": "announce", "task": {"id": "C-task-5", "base_cost": 164.3844586565036, "base_time": 4.150566045003857}, "workers": ["w3@localhost", "w4@localhost", "w1@localhost", "w2@localhost", "w5@localhost"], "time_iso": "2025-10-30T17:30:58"}
{"type": "award", "task": {"id": "C-task-5", "base_cost": 164.3844586565036, "base_time": 4.150566045003857}, "winner": "w3@localhost", "time_iso": "2025-10-30T17:30:58"}
{"type": "assignment_history_snapshot", "task_id": "C-task-5", "history": [{"task_id": "C-task-5", "worker_jid": "w3@localhost", "status": "assigned", "reason": "", "timestamp": 1761820258.6067674}, {"task_id": "C-task-5", "worker_jid": "w3@localhost", "status": "success", "reason": "", "timestamp": 1761820262.0671844}], "time_iso": "2025-10-30T17:31:02"}
{"type": "task_created", "task": {"id": "C-task-6", "base_cost": 166.48274229132943, "base_time": 2.0022090555164427}, "time_iso": "2025-10-30T17:31:02"}
{"type": "announce", "task": {"id": "C-task-6", "base_cost": 166.48274229132943, "base_time": 2.0022090555164427}, "workers": ["w2@localhost", "w4@localhost", "w1@localhost", "w5@localhost", "w3@localhost"], "time_iso": "2025-10-30T17:31:02"}
{"type": "award", "task": {"id": "C-task-6", "base_cost": 166.48274229132943, "base_time": 2.0022090555164427}, "winner": "w3@localhost", "time_iso": "2025-10-30T17:31:02"}
{"type": "assignment_history_snapshot", "task_id": "C-task-6", "history": [{"task_id": "C-task-6", "worker_jid": "w3@localhost", "status": "assigned", "reason": "", "timestamp": 1761820262.5913484}, {"task_id": "C-task-6", "worker_jid": "w3@localhost", "status": "success", "reason": "", "timestamp": 1761820264.261799}], "time_iso": "2025-10-30T17:31:04"}
{"type": "task_created", "task": {"id": "C-task-7", "base_cost": 183.87991634552364, "base_time": 4.377732812057067}, "time_iso": "2025-10-30T17:31:04"}
{"type": "announce", "task": {"id": "C-task-7", "base_cost": 183.87991634552364, "base_time": 4.377732812057067}, "workers": ["w4@localhost", "w3@localhost", "w5@localhost", "w2@localhost", "w1@localhost"], "time_iso": "2025-10-30T17:31:04"}
{"type": "award", "task": {"id": "C-task-7", "base_cost": 183.87991634552364, "base_time": 4.377732812057067}, "winner": "w3@localhost", "time_iso": "2025-10-30T17:31:04"}
{"type": "assignment_history_snapshot", "task_id": "C-task-7", "history": [{"task_id": "C-task-7", "worker_jid": "w3@localhost", "status": "assigned", "reason": "", "timestamp": 1761820264.6006694}, {"task_id": "C-task-7", "worker_jid": "w3@localhost", "status": "success", "reason": "", "timestamp": 1761820268.2606375}], "time_iso": "2025-10-30T17:31:08"}
{"type": "task_created", "task": {"id": "C-task-8", "base_cost": 169.71485676982087, "base_time": 7.891129325112154}, "time_iso": "2025-10-30T17:31:08"}
{"type": "announce", "task": {"id": "C-task-8", "base_cost": 169.71485676982087, "base_time": 7.891129325112154}, "workers": ["w1@localhost", "w3@localhost", "w5@localhost", "w2@localhost", "w4@localhost"], "time_iso": "2025-10-30T17:31:08"}
{"type": "award", "task": {"id": "C-task-8", "base_cost": 169.71485676982087, "base_time": 7.891129325112154}, "winner": "w3@localhost", "time_iso": "2025-10-30T17:31:08"}
{"type": "assignment_history_snapshot", "task_id": "C-task-8", "history": [{"task_id": "C-task-8", "worker_jid": "w3@localhost", "status": "assigned", "reason": "", "timestamp": 1761820268.64211}, {"task_id": "C-task-8", "worker_jid": "w3@localhost", "status": "success", "reason": "", "timestamp": 1761820275.229682}], "time_iso": "2025-10-30T17:31:15"}
{"type": "task_created", "task": {"id": "C-task-9", "base_cost": 120.20468601205438, "base_time": 3.680656811185539}, "time_iso": "2025-10-30T17:31:15"}
{"type": "announce", "task": {"id": "C-task-9", "base_cost": 120.20468601205438, "base_time": 3.680656811185539}, "workers": ["w1@localhost", "w3@localhost", "w2@localhost", "w5@localhost", "w4@localhost"], "time_iso": "2025-10-30T17:31:15"}
{"type": "award", "task": {"id": "C-task-9", "base_cost": 120.20468601205438, "base_time": 3.680656811185539}, "winner": "w3@localhost", "time_iso": "2025-10-30T17:31:15"}
{"type": "assignment_history_snapshot", "task_id": "C-task-9", "history": [{"task_id": "C-task-9", "worker_jid": "w3@localhost", "status": "assigned", "reason": "", "timestamp": 1761820275.7309527}, {"task_id": "C-task-9", "worker_jid": "w3@localhost", "status": "fail", "reason": "simulated_failure", "timestamp": 1761820278.8021097}, {"task_id": "C-task-9", "worker_jid": "w5@localhost", "status": "reassigned", "reason": "", "timestamp": 1761820279.145385}, {"task_id": "C-task-9", "worker_jid": "w5@localhost", "status": "success", "reason": "", "timestamp": 1761820282.4970315}], "time_iso": "2025-10-30T17:31:22"}
